// Jest Snapshot v1, https://goo.gl/fbAQLP

exports[`State component renders the state name, weather details, and compares to Snapshot 1`] = `
Object {
  "asFragment": [Function],
  "baseElement": <body>
    <div>
      <div
        class="weather-card"
      >
        <div
          class="one"
        >
          <h3
            class="state-name"
          >
            Sample State
          </h3>
          <h2
            class="weather-date"
          >
            2023-08-03
          </h2>
        </div>
        <div
          class="2"
        >
          <h3
            class="weather-temp"
          >
            25
            °C
          </h3>
        </div>
        <div
          class="box-3"
        >
          <img
            alt="weatherImage"
            class="weather-image"
            src="https://example.com/sample-icon.png"
          />
          <p
            class="weather-condition"
          >
            Sunny
          </p>
        </div>
      </div>
    </div>
  </body>,
  "container": <div>
    <div
      class="weather-card"
    >
      <div
        class="one"
      >
        <h3
          class="state-name"
        >
          Sample State
        </h3>
        <h2
          class="weather-date"
        >
          2023-08-03
        </h2>
      </div>
      <div
        class="2"
      >
        <h3
          class="weather-temp"
        >
          25
          °C
        </h3>
      </div>
      <div
        class="box-3"
      >
        <img
          alt="weatherImage"
          class="weather-image"
          src="https://example.com/sample-icon.png"
        />
        <p
          class="weather-condition"
        >
          Sunny
        </p>
      </div>
    </div>
  </div>,
  "debug": [Function],
  "findAllByAltText": [Function],
  "findAllByDisplayValue": [Function],
  "findAllByLabelText": [Function],
  "findAllByPlaceholderText": [Function],
  "findAllByRole": [Function],
  "findAllByTestId": [Function],
  "findAllByText": [Function],
  "findAllByTitle": [Function],
  "findByAltText": [Function],
  "findByDisplayValue": [Function],
  "findByLabelText": [Function],
  "findByPlaceholderText": [Function],
  "findByRole": [Function],
  "findByTestId": [Function],
  "findByText": [Function],
  "findByTitle": [Function],
  "getAllByAltText": [Function],
  "getAllByDisplayValue": [Function],
  "getAllByLabelText": [Function],
  "getAllByPlaceholderText": [Function],
  "getAllByRole": [Function],
  "getAllByTestId": [Function],
  "getAllByText": [Function],
  "getAllByTitle": [Function],
  "getByAltText": [Function],
  "getByDisplayValue": [Function],
  "getByLabelText": [Function],
  "getByPlaceholderText": [Function],
  "getByRole": [Function],
  "getByTestId": [Function],
  "getByText": [Function],
  "getByTitle": [Function],
  "queryAllByAltText": [Function],
  "queryAllByDisplayValue": [Function],
  "queryAllByLabelText": [Function],
  "queryAllByPlaceholderText": [Function],
  "queryAllByRole": [Function],
  "queryAllByTestId": [Function],
  "queryAllByText": [Function],
  "queryAllByTitle": [Function],
  "queryByAltText": [Function],
  "queryByDisplayValue": [Function],
  "queryByLabelText": [Function],
  "queryByPlaceholderText": [Function],
  "queryByRole": [Function],
  "queryByTestId": [Function],
  "queryByText": [Function],
  "queryByTitle": [Function],
  "rerender": [Function],
  "unmount": [Function],
}
`;
